Archive member included to satisfy reference by file (symbol)

c:/program files (x86)/gnu tools arm embedded/6 2017-q1-update/bin/../lib/gcc/arm-none-eabi/6.3.1/thumb/v6-m\libgcc.a(_udivsi3.o)
                              ..\obj\stm32f10x_rcc.o (__aeabi_uidiv)
c:/program files (x86)/gnu tools arm embedded/6 2017-q1-update/bin/../lib/gcc/arm-none-eabi/6.3.1/thumb/v6-m\libgcc.a(_divsi3.o)
                              ..\obj\stm32f10x_i2c.o (__aeabi_idiv)
c:/program files (x86)/gnu tools arm embedded/6 2017-q1-update/bin/../lib/gcc/arm-none-eabi/6.3.1/thumb/v6-m\libgcc.a(_dvmd_tls.o)
                              c:/program files (x86)/gnu tools arm embedded/6 2017-q1-update/bin/../lib/gcc/arm-none-eabi/6.3.1/thumb/v6-m\libgcc.a(_udivsi3.o) (__aeabi_idiv0)
c:/program files (x86)/gnu tools arm embedded/6 2017-q1-update/bin/../lib/gcc/arm-none-eabi/6.3.1/../../../../arm-none-eabi/lib/thumb/v6-m\libg.a(lib_a-exit.o)
                              c:/program files (x86)/gnu tools arm embedded/6 2017-q1-update/bin/../lib/gcc/arm-none-eabi/6.3.1/../../../../arm-none-eabi/lib/thumb/v6-m/crt0.o (exit)
c:/program files (x86)/gnu tools arm embedded/6 2017-q1-update/bin/../lib/gcc/arm-none-eabi/6.3.1/../../../../arm-none-eabi/lib/thumb/v6-m\libg.a(lib_a-impure.o)
                              c:/program files (x86)/gnu tools arm embedded/6 2017-q1-update/bin/../lib/gcc/arm-none-eabi/6.3.1/../../../../arm-none-eabi/lib/thumb/v6-m\libg.a(lib_a-exit.o) (_global_impure_ptr)
c:/program files (x86)/gnu tools arm embedded/6 2017-q1-update/bin/../lib/gcc/arm-none-eabi/6.3.1/../../../../arm-none-eabi/lib/thumb/v6-m\libg.a(lib_a-init.o)
                              c:/program files (x86)/gnu tools arm embedded/6 2017-q1-update/bin/../lib/gcc/arm-none-eabi/6.3.1/../../../../arm-none-eabi/lib/thumb/v6-m/crt0.o (__libc_init_array)
c:/program files (x86)/gnu tools arm embedded/6 2017-q1-update/bin/../lib/gcc/arm-none-eabi/6.3.1/../../../../arm-none-eabi/lib/thumb/v6-m\libg.a(lib_a-memset.o)
                              c:/program files (x86)/gnu tools arm embedded/6 2017-q1-update/bin/../lib/gcc/arm-none-eabi/6.3.1/../../../../arm-none-eabi/lib/thumb/v6-m/crt0.o (memset)
c:/program files (x86)/gnu tools arm embedded/6 2017-q1-update/bin/../lib/gcc/arm-none-eabi/6.3.1/../../../../arm-none-eabi/lib/thumb/v6-m\libg.a(lib_a-__call_atexit.o)
                              c:/program files (x86)/gnu tools arm embedded/6 2017-q1-update/bin/../lib/gcc/arm-none-eabi/6.3.1/../../../../arm-none-eabi/lib/thumb/v6-m\libg.a(lib_a-exit.o) (__call_exitprocs)
c:/program files (x86)/gnu tools arm embedded/6 2017-q1-update/bin/../lib/gcc/arm-none-eabi/6.3.1/../../../../arm-none-eabi/lib/thumb/v6-m\libg.a(lib_a-atexit.o)
                              c:/program files (x86)/gnu tools arm embedded/6 2017-q1-update/bin/../lib/gcc/arm-none-eabi/6.3.1/../../../../arm-none-eabi/lib/thumb/v6-m\libg.a(lib_a-__call_atexit.o) (atexit)
c:/program files (x86)/gnu tools arm embedded/6 2017-q1-update/bin/../lib/gcc/arm-none-eabi/6.3.1/../../../../arm-none-eabi/lib/thumb/v6-m\libg.a(lib_a-fini.o)
                              c:/program files (x86)/gnu tools arm embedded/6 2017-q1-update/bin/../lib/gcc/arm-none-eabi/6.3.1/../../../../arm-none-eabi/lib/thumb/v6-m\libg.a(lib_a-__call_atexit.o) (__libc_fini_array)
c:/program files (x86)/gnu tools arm embedded/6 2017-q1-update/bin/../lib/gcc/arm-none-eabi/6.3.1/../../../../arm-none-eabi/lib/thumb/v6-m\libg.a(lib_a-lock.o)
                              c:/program files (x86)/gnu tools arm embedded/6 2017-q1-update/bin/../lib/gcc/arm-none-eabi/6.3.1/../../../../arm-none-eabi/lib/thumb/v6-m\libg.a(lib_a-__call_atexit.o) (__retarget_lock_acquire_recursive)
c:/program files (x86)/gnu tools arm embedded/6 2017-q1-update/bin/../lib/gcc/arm-none-eabi/6.3.1/../../../../arm-none-eabi/lib/thumb/v6-m\libg.a(lib_a-__atexit.o)
                              c:/program files (x86)/gnu tools arm embedded/6 2017-q1-update/bin/../lib/gcc/arm-none-eabi/6.3.1/../../../../arm-none-eabi/lib/thumb/v6-m\libg.a(lib_a-atexit.o) (__register_exitproc)

Allocating common symbols
Common symbol       size              file

__lock___atexit_recursive_mutex
                    0x1               c:/program files (x86)/gnu tools arm embedded/6 2017-q1-update/bin/../lib/gcc/arm-none-eabi/6.3.1/../../../../arm-none-eabi/lib/thumb/v6-m\libg.a(lib_a-lock.o)
__lock___arc4random_mutex
                    0x1               c:/program files (x86)/gnu tools arm embedded/6 2017-q1-update/bin/../lib/gcc/arm-none-eabi/6.3.1/../../../../arm-none-eabi/lib/thumb/v6-m\libg.a(lib_a-lock.o)
__lock___env_recursive_mutex
                    0x1               c:/program files (x86)/gnu tools arm embedded/6 2017-q1-update/bin/../lib/gcc/arm-none-eabi/6.3.1/../../../../arm-none-eabi/lib/thumb/v6-m\libg.a(lib_a-lock.o)
__lock___sinit_recursive_mutex
[...]
Memory Configuration

Name             Origin             Length             Attributes
rom              0x08000000         0x00010000         xr
ram              0x20000000         0x00005000         xrw
*default*        0x00000000         0xffffffff

Linker script and memory map

LOAD c:/program files (x86)/gnu tools arm embedded/6 2017-q1-update/bin/../lib/gcc/arm-none-eabi/6.3.1/thumb/v6-m/crti.o
LOAD c:/program files (x86)/gnu tools arm embedded/6 2017-q1-update/bin/../lib/gcc/arm-none-eabi/6.3.1/thumb/v6-m/crtbegin.o
LOAD c:/program files (x86)/gnu tools arm embedded/6 2017-q1-update/bin/../lib/gcc/arm-none-eabi/6.3.1/../../../../arm-none-eabi/lib/thumb/v6-m/crt0.o
                0x20005000                _eram = 0x20005000

.text           0x08000000      0x750
 *(.isr_vector)
 .isr_vector    0x08000000      0x10c ..\obj\startup_stm32f10x_md.o
                0x08000000                g_pfnVectors
 *(.text*)
 .text          0x0800010c       0x60 c:/program files (x86)/gnu tools arm embedded/6 2017-q1-update/bin/../lib/gcc/arm-none-eabi/6.3.1/thumb/v6-m/crtbegin.o
 .text.SystemInit
                0x0800016c       0x74 ..\obj\system_stm32f10x.o
                0x0800016c                SystemInit
 .text.SetSysClock
                0x080001e0        0xe ..\obj\system_stm32f10x.o
 *fill*         0x080001ee        0x2 
 .text.SetSysClockTo72
                0x080001f0      0x10c ..\obj\system_stm32f10x.o
 .text.Reset_Handler
                0x080002fc       0x44 ..\obj\startup_stm32f10x_md.o
                0x080002fc                Reset_Handler
 .text.Default_Handler
                0x08000340        0x2 ..\obj\startup_stm32f10x_md.o
                0x08000340                EXTI2_IRQHandler
                0x08000340                DebugMon_Handler
                0x08000340                TIM1_CC_IRQHandler
                0x08000340                HardFault_Handler
                0x08000340                SysTick_Handler
                0x08000340                PVD_IRQHandler
                0x08000340                PendSV_Handler
                0x08000340                NMI_Handler
                0x08000340                EXTI3_IRQHandler
                0x08000340                EXTI0_IRQHandler
                0x08000340                I2C2_EV_IRQHandler
                0x08000340                UsageFault_Handler
                0x08000340                ADC1_2_IRQHandler
                0x08000340                SPI1_IRQHandler
                0x08000340                TAMPER_IRQHandler
                0x08000340                DMA1_Channel4_IRQHandler
                0x08000340                USART3_IRQHandler
                0x08000340                RTC_IRQHandler
                0x08000340                DMA1_Channel7_IRQHandler
                0x08000340                CAN1_RX1_IRQHandler
                0x08000340                TIM4_IRQHandler
                0x08000340                I2C1_EV_IRQHandler
                0x08000340                DMA1_Channel6_IRQHandler
                0x08000340                TIM3_IRQHandler
                0x08000340                RCC_IRQHandler
                0x08000340                TIM1_TRG_COM_IRQHandler
                0x08000340                DMA1_Channel1_IRQHandler
                0x08000340                Default_Handler
                0x08000340                EXTI15_10_IRQHandler
                0x08000340                EXTI9_5_IRQHandler
                0x08000340                SPI2_IRQHandler
                0x08000340                MemManage_Handler
                0x08000340                SVC_Handler
                0x08000340                DMA1_Channel5_IRQHandler
                0x08000340                EXTI4_IRQHandler
                0x08000340                USB_LP_CAN1_RX0_IRQHandler
                0x08000340                USB_HP_CAN1_TX_IRQHandler
                0x08000340                DMA1_Channel3_IRQHandler
                0x08000340                TIM1_UP_IRQHandler
                0x08000340                WWDG_IRQHandler
                0x08000340                TIM2_IRQHandler
                0x08000340                TIM1_BRK_IRQHandler
                0x08000340                EXTI1_IRQHandler
                0x08000340                RTCAlarm_IRQHandler
                0x08000340                USART2_IRQHandler
                0x08000340                I2C2_ER_IRQHandler
                0x08000340                DMA1_Channel2_IRQHandler
                0x08000340                CAN1_SCE_IRQHandler
                0x08000340                FLASH_IRQHandler
                0x08000340                BusFault_Handler
                0x08000340                USART1_IRQHandler
                0x08000340                I2C1_ER_IRQHandler
                0x08000340                USBWakeUp_IRQHandler
 .text.GPIO_Init
                0x08000342      0x17a ..\obj\stm32f10x_gpio.o
                0x08000342                GPIO_Init
 .text.GPIO_WriteBit
                0x080004bc       0x3a ..\obj\stm32f10x_gpio.o
                0x080004bc                GPIO_WriteBit
 .text.wait_ms  0x080004f6       0x2a ..\obj\main.o
                0x080004f6                wait_ms
 .text.setup_gpio
                0x08000520       0x3c ..\obj\main.o
                0x08000520                setup_gpio
 .text.main     0x0800055c       0x40 ..\obj\main.o
                0x0800055c                main
 .text.RCC_APB2PeriphClockCmd
                0x0800059c       0x40 ..\obj\stm32f10x_rcc.o
                0x0800059c                RCC_APB2PeriphClockCmd
 .text.startup.register_fini
                0x080005dc       0x18 c:/program files (x86)/gnu tools arm embedded/6 2017-q1-update/bin/../lib/gcc/arm-none-eabi/6.3.1/../../../../arm-none-eabi/lib/thumb/v6-m\libg.a(lib_a-__call_atexit.o)
 .text.atexit   0x080005f4       0x10 c:/program files (x86)/gnu tools arm embedded/6 2017-q1-update/bin/../lib/gcc/arm-none-eabi/6.3.1/../../../../arm-none-eabi/lib/thumb/v6-m\libg.a(lib_a-atexit.o)
                0x080005f4                atexit
 .text.__libc_fini_array
                0x08000604       0x34 c:/program files (x86)/gnu tools arm embedded/6 2017-q1-update/bin/../lib/gcc/arm-none-eabi/6.3.1/../../../../arm-none-eabi/lib/thumb/v6-m\libg.a(lib_a-fini.o)
                0x08000604                __libc_fini_array
 .text.__retarget_lock_acquire_recursive
                0x08000638        0x4 c:/program files (x86)/gnu tools arm embedded/6 2017-q1-update/bin/../lib/gcc/arm-none-eabi/6.3.1/../../../../arm-none-eabi/lib/thumb/v6-m\libg.a(lib_a-lock.o)
                0x08000638                __retarget_lock_acquire_recursive
 .text.__retarget_lock_release_recursive
                0x0800063c        0x4 c:/program files (x86)/gnu tools arm embedded/6 2017-q1-update/bin/../lib/gcc/arm-none-eabi/6.3.1/../../../../arm-none-eabi/lib/thumb/v6-m\libg.a(lib_a-lock.o)
                0x0800063c                __retarget_lock_release_recursive
 .text.__register_exitproc
                0x08000640       0xf4 c:/program files (x86)/gnu tools arm embedded/6 2017-q1-update/bin/../lib/gcc/arm-none-eabi/6.3.1/../../../../arm-none-eabi/lib/thumb/v6-m\libg.a(lib_a-__atexit.o)
                0x08000640                __register_exitproc
 *(.init)
 .init          0x08000734        0x4 c:/program files (x86)/gnu tools arm embedded/6 2017-q1-update/bin/../lib/gcc/arm-none-eabi/6.3.1/thumb/v6-m/crti.o
                0x08000734                _init
 .init          0x08000738        0x8 c:/program files (x86)/gnu tools arm embedded/6 2017-q1-update/bin/../lib/gcc/arm-none-eabi/6.3.1/thumb/v6-m/crtn.o
 *(.fini)
 .fini          0x08000740        0x4 c:/program files (x86)/gnu tools arm embedded/6 2017-q1-update/bin/../lib/gcc/arm-none-eabi/6.3.1/thumb/v6-m/crti.o
                0x08000740                _fini
 .fini          0x08000744        0x8 c:/program files (x86)/gnu tools arm embedded/6 2017-q1-update/bin/../lib/gcc/arm-none-eabi/6.3.1/thumb/v6-m/crtn.o
 *crtbegin.o(.ctors)
 *crtbegin?.o(.ctors)
 *(EXCLUDE_FILE(*crtend.o *crtend?.o) .ctors)
 *(SORT(.ctors.*))
 *(.ctors)
 *crtbegin.o(.dtors)
 *crtbegin?.o(.dtors)
 *(EXCLUDE_FILE(*crtend.o *crtend?.o) .dtors)
 *(SORT(.dtors.*))
 *(.dtors)
 *(.rodata*)
 .rodata._global_impure_ptr
                0x0800074c        0x4 c:/program files (x86)/gnu tools arm embedded/6 2017-q1-update/bin/../lib/gcc/arm-none-eabi/6.3.1/../../../../arm-none-eabi/lib/thumb/v6-m\libg.a(lib_a-impure.o)
                0x0800074c                _global_impure_ptr
 *(.eh_fram e*)

.eh_frame       0x08000750        0x0
 .eh_frame      0x08000750        0x0 c:/program files (x86)/gnu tools arm embedded/6 2017-q1-update/bin/../lib/gcc/arm-none-eabi/6.3.1/thumb/v6-m/crtbegin.o

.glue_7         0x08000750        0x0
 .glue_7        0x08000750        0x0 linker stubs

.glue_7t        0x08000750        0x0
 .glue_7t       0x08000750        0x0 linker stubs

.vfp11_veneer   0x08000750        0x0
 .vfp11_veneer  0x08000750        0x0 linker stubs

.v4_bx          0x08000750        0x0
 .v4_bx         0x08000750        0x0 linker stubs

.iplt           0x08000750        0x0
 .iplt          0x08000750        0x0 c:/program files (x86)/gnu tools arm embedded/6 2017-q1-update/bin/../lib/gcc/arm-none-eabi/6.3.1/thumb/v6-m/crtbegin.o

.rel.dyn        0x08000750        0x0
 .rel.iplt      0x08000750        0x0 c:/program files (x86)/gnu tools arm embedded/6 2017-q1-update/bin/../lib/gcc/arm-none-eabi/6.3.1/thumb/v6-m/crtbegin.o

.ARM.extab
 *(.ARM.extab* .gnu.linkonce.armextab.*)
                0x08000750                __exidx_start = .

.ARM.exidx
 *(.ARM.exidx* .gnu.linkonce.armexidx.*)
                0x08000750                __exidx_end = .
                0x08000750                __etext = .
                0x08000750                _sidata = __etext

.data           0x20000000      0x43c load address 0x08000750
                0x20000000                __data_start__ = .
                0x20000000                _sdata = __data_start__
 *(vtable)
 *(.data*)
 .data.impure_data
                0x20000000      0x428 c:/program files (x86)/gnu tools arm embedded/6 2017-q1-update/bin/../lib/gcc/arm-none-eabi/6.3.1/../../../../arm-none-eabi/lib/thumb/v6-m\libg.a(lib_a-impure.o)
 .data.__atexit_recursive_mutex
                0x20000428        0x4 c:/program files (x86)/gnu tools arm embedded/6 2017-q1-update/bin/../lib/gcc/arm-none-eabi/6.3.1/../../../../arm-none-eabi/lib/thumb/v6-m\libg.a(lib_a-__call_atexit.o)
                0x20000428                __atexit_recursive_mutex
                0x2000042c                . = ALIGN (0x4)
                0x2000042c                PROVIDE (__preinit_array_start, .)
 *(.preinit_array)
                0x2000042c                PROVIDE (__preinit_array_end, .)
                0x2000042c                . = ALIGN (0x4)
                0x2000042c                PROVIDE (__init_array_start, .)
 *(SORT(.init_array.*))
 .init_array.00000
                0x2000042c        0x4 c:/program files (x86)/gnu tools arm embedded/6 2017-q1-update/bin/../lib/gcc/arm-none-eabi/6.3.1/../../../../arm-none-eabi/lib/thumb/v6-m\libg.a(lib_a-__call_atexit.o)
 *(.init_array)
 .init_array    0x20000430        0x4 c:/program files (x86)/gnu tools arm embedded/6 2017-q1-update/bin/../lib/gcc/arm-none-eabi/6.3.1/thumb/v6-m/crtbegin.o
                0x20000434                PROVIDE (__init_array_end, .)
                0x20000434                . = ALIGN (0x4)
                0x20000434                PROVIDE (__fini_array_start, .)
 *(SORT(.fini_array.*))
 *(.fini_array)
 .fini_array    0x20000434        0x4 c:/program files (x86)/gnu tools arm embedded/6 2017-q1-update/bin/../lib/gcc/arm-none-eabi/6.3.1/thumb/v6-m/crtbegin.o
                0x20000438                PROVIDE (__fini_array_end, .)
 *(.jcr*)
 .jcr           0x20000438        0x0 c:/program files (x86)/gnu tools arm embedded/6 2017-q1-update/bin/../lib/gcc/arm-none-eabi/6.3.1/thumb/v6-m/crtbegin.o
 .jcr           0x20000438        0x4 c:/program files (x86)/gnu tools arm embedded/6 2017-q1-update/bin/../lib/gcc/arm-none-eabi/6.3.1/thumb/v6-m/crtend.o
                0x2000043c                . = ALIGN (0x4)
                0x2000043c                __data_end__ = .
                0x2000043c                _edata = __data_end__

.igot.plt       0x2000043c        0x0 load address 0x08000b8c
 .igot.plt      0x2000043c        0x0 c:/program files (x86)/gnu tools arm embedded/6 2017-q1-update/bin/../lib/gcc/arm-none-eabi/6.3.1/thumb/v6-m/crtbegin.o

.bss            0x2000043c       0x44 load address 0x08000b8c
                0x2000043c                . = ALIGN (0x4)
                0x2000043c                __bss_start__ = .
                0x2000043c                _sbss = __bss_start__
 *(.bss*)
 .bss           0x2000043c       0x1c c:/program files (x86)/gnu tools arm embedded/6 2017-q1-update/bin/../lib/gcc/arm-none-eabi/6.3.1/thumb/v6-m/crtbegin.o
 *(COMMON)
 COMMON         0x20000458        0x4 ..\obj\main.o
                0x20000458                GPIO_InitStructure
 COMMON         0x2000045c       0x21 c:/program files (x86)/gnu tools arm embedded/6 2017-q1-update/bin/../lib/gcc/arm-none-eabi/6.3.1/../../../../arm-none-eabi/lib/thumb/v6-m\libg.a(lib_a-lock.o)
                0x2000045c                __lock___atexit_recursive_mutex
                0x20000460                __lock___arc4random_mutex
                0x20000464                __lock___env_recursive_mutex
                0x20000468                __lock___sinit_recursive_mutex
                0x2000046c                __lock___malloc_recursive_mutex
                0x20000470                __lock___at_quick_exit_mutex
                0x20000474                __lock___dd_hash_mutex
                0x20000478                __lock___tz_mutex
                0x2000047c                __lock___sfp_recursive_mutex
                0x20000480                . = ALIGN (0x4)
 *fill*         0x2000047d        0x3 
                0x20000480                __bss_end__ = .
                0x20000480                _ebss = __bss_end__

.heap           0x20000480        0x0
                0x20000480                __end__ = .
                0x20000480                _end = __end__
                0x20000480                end = __end__
 *(.heap*)
                0x20000480                __HeapLimit = .

.co_stack       0x20000480        0x0
                0x20000480                . = ALIGN (0x8)
 *(.co_stack .co_stack.*)
                0x20005000                __StackTop = (ORIGIN (ram) + LENGTH (ram))
                0x20005000                __StackLimit = (__StackTop - SIZEOF (.co_stack))
                0x20005000                PROVIDE (__stack, __StackTop)
                0x00000001                ASSERT ((__StackLimit >= __HeapLimit), region ram  overflowed with stack)
LOAD ..\obj\stm32f10x_rtc.o
LOAD ..\obj\stm32f10x_tim.o
LOAD ..\obj\stm32f10x_dbgmcu.o
LOAD ..\obj\system_stm32f10x.o
LOAD ..\obj\stm32f10x_fsmc.o
LOAD ..\obj\startup_stm32f10x_md.o
LOAD ..\obj\stm32f10x_pwr.o
LOAD ..\obj\stm32f10x_can.o
LOAD ..\obj\stm32f10x_gpio.o
LOAD ..\obj\stm32f10x_dac.o
LOAD ..\obj\main.o
LOAD ..\obj\stm32f10x_crc.o
LOAD ..\obj\stm32f10x_rcc.o
LOAD ..\obj\stm32f10x_exti.o
LOAD ..\obj\stm32f10x_adc.o
LOAD ..\obj\stm32f10x_usart.o
LOAD ..\obj\stm32f10x_flash.o
LOAD ..\obj\stm32f10x_cec.o
LOAD ..\obj\stm32f10x_sdio.o
LOAD ..\obj\stm32f10x_dma.o
LOAD ..\obj\misc.o
LOAD ..\obj\stm32f10x_wwdg.o
LOAD ..\obj\stm32f10x_spi.o
LOAD ..\obj\stm32f10x_i2c.o
LOAD ..\obj\stm32f10x_bkp.o
LOAD ..\obj\stm32f10x_iwdg.o
START GROUP
LOAD c:/program files (x86)/gnu tools arm embedded/6 2017-q1-update/bin/../lib/gcc/arm-none-eabi/6.3.1/thumb/v6-m\libgcc.a
LOAD c:/program files (x86)/gnu tools arm embedded/6 2017-q1-update/bin/../lib/gcc/arm-none-eabi/6.3.1/../../../../arm-none-eabi/lib/thumb/v6-m\libg.a
LOAD c:/program files (x86)/gnu tools arm embedded/6 2017-q1-update/bin/../lib/gcc/arm-none-eabi/6.3.1/../../../../arm-none-eabi/lib/thumb/v6-m\libc.a
END GROUP
LOAD c:/program files (x86)/gnu tools arm embedded/6 2017-q1-update/bin/../lib/gcc/arm-none-eabi/6.3.1/thumb/v6-m/crtend.o
LOAD c:/program files (x86)/gnu tools arm embedded/6 2017-q1-update/bin/../lib/gcc/arm-none-eabi/6.3.1/thumb/v6-m/crtn.o
OUTPUT(02_GPIO.elf elf32-littlearm)

.ARM.attributes
                0x00000000       0x2d
 .ARM.attributes
                0x00000000       0x1e c:/program files (x86)/gnu tools arm embedded/6 2017-q1-update/bin/../lib/gcc/arm-none-eabi/6.3.1/thumb/v6-m/crti.o
 .ARM.attributes
                0x0000001e       0x2c c:/program files (x86)/gnu tools arm embedded/6 2017-q1-update/bin/../lib/gcc/arm-none-eabi/6.3.1/thumb/v6-m/crtbegin.o
 .ARM.attributes
                0x0000004a       0x31 ..\obj\system_stm32f10x.o
 .ARM.attributes
                0x0000007b       0x21 ..\obj\startup_stm32f10x_md.o
 .ARM.attributes
                0x0000009c       0x31 ..\obj\stm32f10x_gpio.o
 .ARM.attributes
                0x000000cd       0x31 ..\obj\main.o
 .ARM.attributes
                0x000000fe       0x31 ..\obj\stm32f10x_rcc.o
 .ARM.attributes
                0x0000012f       0x2c c:/program files (x86)/gnu tools arm embedded/6 2017-q1-update/bin/../lib/gcc/arm-none-eabi/6.3.1/../../../../arm-none-eabi/lib/thumb/v6-m\libg.a(lib_a-impure.o)
 .ARM.attributes
                0x0000015b       0x2c c:/program files (x86)/gnu tools arm embedded/6 2017-q1-update/bin/../lib/gcc/arm-none-eabi/6.3.1/../../../../arm-none-eabi/lib/thumb/v6-m\libg.a(lib_a-__call_atexit.o)
 .ARM.attributes
                0x00000187       0x2c c:/program files (x86)/gnu tools arm embedded/6 2017-q1-update/bin/../lib/gcc/arm-none-eabi/6.3.1/../../../../arm-none-eabi/lib/thumb/v6-m\libg.a(lib_a-atexit.o)
 .ARM.attributes
                0x000001b3       0x2c c:/program files (x86)/gnu tools arm embedded/6 2017-q1-update/bin/../lib/gcc/arm-none-eabi/6.3.1/../../../../arm-none-eabi/lib/thumb/v6-m\libg.a(lib_a-fini.o)
 .ARM.attributes
                0x000001df       0x2c c:/program files (x86)/gnu tools arm embedded/6 2017-q1-update/bin/../lib/gcc/arm-none-eabi/6.3.1/../../../../arm-none-eabi/lib/thumb/v6-m\libg.a(lib_a-lock.o)
 .ARM.attributes
                0x0000020b       0x2c c:/program files (x86)/gnu tools arm embedded/6 2017-q1-update/bin/../lib/gcc/arm-none-eabi/6.3.1/../../../../arm-none-eabi/lib/thumb/v6-m\libg.a(lib_a-__atexit.o)
 .ARM.attributes
                0x00000237       0x2c c:/program files (x86)/gnu tools arm embedded/6 2017-q1-update/bin/../lib/gcc/arm-none-eabi/6.3.1/thumb/v6-m/crtend.o
 .ARM.attributes
                0x00000263       0x1e c:/program files (x86)/gnu tools arm embedded/6 2017-q1-update/bin/../lib/gcc/arm-none-eabi/6.3.1/thumb/v6-m/crtn.o

.comment        0x00000000       0x7f
 .comment       0x00000000       0x7f ..\obj\system_stm32f10x.o
                                 0x80 (size before relaxing)
 .comment       0x0000007f       0x80 ..\obj\stm32f10x_gpio.o
 .comment       0x0000007f       0x80 ..\obj\main.o
 .comment       0x0000007f       0x80 ..\obj\stm32f10x_rcc.o

.debug_info     0x00000000     0x17ce
 .debug_info    0x00000000      0x4a3 ..\obj\system_stm32f10x.o
 .debug_info    0x000004a3       0xfa ..\obj\startup_stm32f10x_md.o
 .debug_info    0x0000059d      0x6fd ..\obj\stm32f10x_gpio.o
 .debug_info    0x00000c9a      0x286 ..\obj\main.o
 .debug_info    0x00000f20      0x8ae ..\obj\stm32f10x_rcc.o

.debug_abbrev   0x00000000      0x690
 .debug_abbrev  0x00000000      0x16c ..\obj\system_stm32f10x.o
 .debug_abbrev  0x0000016c       0x12 ..\obj\startup_stm32f10x_md.o
 .debug_abbrev  0x0000017e      0x1db ..\obj\stm32f10x_gpio.o
 .debug_abbrev  0x00000359      0x150 ..\obj\main.o
 .debug_abbrev  0x000004a9      0x1e7 ..\obj\stm32f10x_rcc.o

.debug_aranges  0x00000000      0x250
 .debug_aranges
                0x00000000       0x38 ..\obj\system_stm32f10x.o
 .debug_aranges
                0x00000038       0x28 ..\obj\startup_stm32f10x_md.o
 .debug_aranges
                0x00000060       0xa8 ..\obj\stm32f10x_gpio.o
 .debug_aranges
                0x00000108       0x30 ..\obj\main.o
 .debug_aranges
                0x00000138      0x118 ..\obj\stm32f10x_rcc.o

.debug_ranges   0x00000000      0x208
 .debug_ranges  0x00000000       0x28 ..\obj\system_stm32f10x.o
 .debug_ranges  0x00000028       0x20 ..\obj\startup_stm32f10x_md.o
 .debug_ranges  0x00000048       0x98 ..\obj\stm32f10x_gpio.o
 .debug_ranges  0x000000e0       0x20 ..\obj\main.o
 .debug_ranges  0x00000100      0x108 ..\obj\stm32f10x_rcc.o

.debug_line     0x00000000      0xf72
 .debug_line    0x00000000      0x2c2 ..\obj\system_stm32f10x.o
 .debug_line    0x000002c2       0xe2 ..\obj\startup_stm32f10x_md.o
 .debug_line    0x000003a4      0x410 ..\obj\stm32f10x_gpio.o
 .debug_line    0x000007b4      0x2b3 ..\obj\main.o
 .debug_line    0x00000a67      0x50b ..\obj\stm32f10x_rcc.o

.debug_str      0x00000000      0xb55
 .debug_str     0x00000000      0x2c8 ..\obj\system_stm32f10x.o
                                0x337 (size before relaxing)
 .debug_str     0x000002c8      0x3f4 ..\obj\stm32f10x_gpio.o
                                0x570 (size before relaxing)
 .debug_str     0x000006bc       0x72 ..\obj\main.o
                                0x310 (size before relaxing)
 .debug_str     0x0000072e      0x427 ..\obj\stm32f10x_rcc.o
                                0x671 (size before relaxing)

.debug_frame    0x00000000      0x8d8
 .debug_frame   0x00000000       0x88 ..\obj\system_stm32f10x.o
 .debug_frame   0x00000088      0x250 ..\obj\stm32f10x_gpio.o
 .debug_frame   0x000002d8       0x68 ..\obj\main.o
 .debug_frame   0x00000340      0x404 ..\obj\stm32f10x_rcc.o
 .debug_frame   0x00000744       0x54 c:/program files (x86)/gnu tools arm embedded/6 2017-q1-update/bin/../lib/gcc/arm-none-eabi/6.3.1/../../../../arm-none-eabi/lib/thumb/v6-m\libg.a(lib_a-__call_atexit.o)
 .debug_frame   0x00000798       0x28 c:/program files (x86)/gnu tools arm embedded/6 2017-q1-update/bin/../lib/gcc/arm-none-eabi/6.3.1/../../../../arm-none-eabi/lib/thumb/v6-m\libg.a(lib_a-atexit.o)
 .debug_frame   0x000007c0       0x2c c:/program files (x86)/gnu tools arm embedded/6 2017-q1-update/bin/../lib/gcc/arm-none-eabi/6.3.1/../../../../arm-none-eabi/lib/thumb/v6-m\libg.a(lib_a-fini.o)
 .debug_frame   0x000007ec       0xb0 c:/program files (x86)/gnu tools arm embedded/6 2017-q1-update/bin/../lib/gcc/arm-none-eabi/6.3.1/../../../../arm-none-eabi/lib/thumb/v6-m\libg.a(lib_a-lock.o)
 .debug_frame   0x0000089c       0x3c c:/program files (x86)/gnu tools arm embedded/6 2017-q1-update/bin/../lib/gcc/arm-none-eabi/6.3.1/../../../../arm-none-eabi/lib/thumb/v6-m\libg.a(lib_a-__atexit.o)
